192.168.0.37 - - [08/Sep/2012:12:42:12 +0200] "POST /SiteWebIF/Intranet-etudiant.php HTTP/1.1" 302 477 "-" "Java/1.6.0_26"
192.168.0.37 - - [08/Sep/2012:12:42:12 +0200] "POST /SiteWebIF/Intranet-etudiant.php HTTP/1.1" 302 477 "-" "Java/1.6.0_26"
192.168.0.37 - - [08/Sep/2012:12:42:12 +0200] "POST /SiteWebIF/Intranet-etudiant.php HTTP/1.1" 302 477 "-" "Java/1.6.0_26"
192.168.0.37 - - [08/Sep/2012:12:42:12 +0200] "POST /SiteWebIF/Intranet-etudiant.php HTTP/1.1" 302 477 "-" "Java/1.6.0_26"
192.168.0.219 - - [09/Sep/2012:14:13:29 +0200] "POST /SiteWebIF/Intranet-etudiant.php HTTP/1.1" 302 477 "-" "Java/1.6.0_26"
192.168.0.37 - - [10/Sep/2012:09:51:06 +0200] "POST /SiteWebIF/Intranet-etudiant.php HTTP/1.1" 302 477 "-" "Java/1.6.0_26"
192.168.1.97 - - [10/Sep/2012:10:12:49 +0200] "POST /wiki/lib/exe/ajax.php HTTP/1.1" 200 144 "http://intranet-if.insa-lyon.fr:90/wiki/doku.php?id=fac" "Mozilla/5.0 (Macintosh; Intel Mac OS X 10_6_8) AppleWebKit/534.57.2 (KHTML, like Gecko) Version/5.1.7 Safari/534.57.2"
192.168.1.97 - - [10/Sep/2012:10:12:50 +0200] "POST /wiki/lib/exe/ajax.php HTTP/1.1" 200 144 "http://intranet-if.insa-lyon.fr:90/wiki/doku.php?id=fac" "Mozilla/5.0 (Macintosh; Intel Mac OS X 10_6_8) AppleWebKit/534.57.2 (KHTML, like Gecko) Version/5.1.7 Safari/534.57.2"
192.168.0.219 - - [10/Sep/2012:11:27:58 +0200] "POST /SiteWebIF/Intranet-etudiant.php HTTP/1.1" 302 477 "-" "Java/1.6.0_26"
192.168.0.37 - - [10/Sep/2012:12:37:15 +0200] "POST /SiteWebIF/Intranet-etudiant.php HTTP/1.1" 302 477 "-" "Java/1.6.0_26"
192.168.1.193 - - [10/Sep/2012:15:48:03 +0200] "POST /dns/mod_base_dns.php HTTP/1.1" 200 1205 "http://intranet-if:90/dns/form_dns.php?sql=Modifier&vlan=106&adresse_ip=134.214.107.49&nom_dns=&description_user=&no_salle=&nom_labo=&mac=&brassage=&commentaires=" "Mozilla/5.0 (Windows NT 6.1) AppleWebKit/537.1 (KHTML, like Gecko) Chrome/21.0.1180.89 Safari/537.1"
192.168.0.219 - - [10/Sep/2012:17:22:12 +0200] "POST /SiteWebIF/Intranet-etudiant.php HTTP/1.1" 302 477 "-" "Java/1.6.0_26"
192.168.0.37 - - [10/Sep/2012:20:23:27 +0200] "POST /SiteWebIF/Intranet-etudiant.php HTTP/1.1" 302 477 "-" "Java/1.6.0_26"
192.168.0.219 - - [10/Sep/2012:23:04:03 +0200] "POST /SiteWebIF/Intranet-etudiant.php HTTP/1.1" 302 477 "-" "Java/1.6.0_26"
192.168.0.37 - - [11/Sep/2012:00:31:13 +0200] "POST /SiteWebIF/Intranet-etudiant.php HTTP/1.1" 302 477 "-" "Java/1.6.0_26"
192.168.0.219 - - [11/Sep/2012:00:38:19 +0200] "POST /SiteWebIF/Intranet-etudiant.php HTTP/1.1" 302 477 "-" "Java/1.6.0_26"
192.168.0.219 - - [11/Sep/2012:11:24:04 +0200] "POST /SiteWebIF/Intranet-etudiant.php HTTP/1.1" 302 477 "-" "Java/1.6.0_26"
192.168.0.37 - - [11/Sep/2012:20:14:43 +0200] "POST /SiteWebIF/Intranet-etudiant.php HTTP/1.1" 302 477 "-" "Java/1.6.0_26"
192.168.0.37 - - [11/Sep/2012:21:54:58 +0200] "POST /SiteWebIF/Intranet-etudiant.php HTTP/1.1" 302 477 "-" "Java/1.6.0_26"
192.168.0.219 - - [12/Sep/2012:01:14:15 +0200] "POST /SiteWebIF/Intranet-etudiant.php HTTP/1.1" 302 477 "-" "Java/1.6.0_26"
192.168.0.219 - - [12/Sep/2012:01:14:15 +0200] "POST /SiteWebIF/Intranet-etudiant.php HTTP/1.1" 302 477 "-" "Java/1.6.0_26"
192.168.1.160 - - [12/Sep/2012:12:21:35 +0200] "OPTIONS / HTTP/1.1" 200 - "-" "DavClnt"
192.168.1.160 - - [12/Sep/2012:12:21:50 +0200] "OPTIONS / HTTP/1.1" 200 - "-" "DavClnt"
192.168.0.219 - - [12/Sep/2012:15:41:41 +0200] "POST /SiteWebIF/Intranet-etudiant.php HTTP/1.1" 302 477 "-" "Java/1.6.0_35"
192.168.0.219 - - [12/Sep/2012:15:45:54 +0200] "POST /SiteWebIF/Intranet-etudiant.php HTTP/1.1" 302 477 "-" "Java/1.6.0_35"
192.168.0.219 - - [12/Sep/2012:16:38:10 +0200] "POST /SiteWebIF/Intranet-personnel.php HTTP/1.1" 302 478 "-" "Java/1.6.0_35"
192.168.0.37 - - [12/Sep/2012:20:56:50 +0200] "POST /SiteWebIF/Intranet-etudiant.php HTTP/1.1" 302 477 "-" "Java/1.6.0_35"
192.168.0.205 - - [12/Sep/2012:21:20:57 +0200] "POST /notesif/saisie2007/_uploadRatrappages_generic.php?year= HTTP/1.1" 200 2252 "http://intranet-if.insa-lyon.fr/notesif/saisie2007/_ratrappages_generic.php?year=" "Mozilla/5.0 (compatible; MSIE 9.0; Windows NT 6.0; Trident/5.0)"
192.168.0.37 - - [13/Sep/2012:09:33:33 +0200] "POST /SiteWebIF/Intranet-personnel.php HTTP/1.1" 302 478 "-" "Java/1.6.0_35"
192.168.0.37 - - [13/Sep/2012:09:40:02 +0200] "POST /SiteWebIF/Intranet-personnel.php HTTP/1.1" 302 478 "-" "Java/1.6.0_35"
192.168.0.37 - - [13/Sep/2012:09:40:02 +0200] "POST /SiteWebIF/Intranet-personnel.php HTTP/1.1" 302 478 "-" "Java/1.6.0_35"
192.168.2.222 - - [13/Sep/2012:17:13:51 +0200] "POST /dns/mod_base_dns.php HTTP/1.1" 200 1170 "http://intranet-if.insa-lyon.fr:90/dns/form_dns.php?sql=Modifier&vlan=106&adresse_ip=134.214.107.37&nom_dns=&description_user=&no_salle=&nom_labo=&mac=&brassage=&commentaires=" "Mozilla/5.0 (Windows NT 6.1; rv:15.0) Gecko/20100101 Firefox/15.0.1"
192.168.2.222 - - [13/Sep/2012:17:15:40 +0200] "POST /dns/mod_base_dns.php HTTP/1.1" 200 1176 "http://intranet-if.insa-lyon.fr:90/dns/form_dns.php?sql=Modifier&vlan=106&adresse_ip=134.214.107.38&nom_dns=&description_user=&no_salle=&nom_labo=&mac=&brassage=&commentaires=" "Mozilla/5.0 (Windows NT 6.1; rv:15.0) Gecko/20100101 Firefox/15.0.1"
192.168.0.219 - - [13/Sep/2012:22:04:09 +0200] "POST /SiteWebIF/Intranet-etudiant.php HTTP/1.1" 302 477 "-" "Java/1.6.0_35"
192.168.0.37 - - [13/Sep/2012:22:16:29 +0200] "POST /SiteWebIF/Intranet-etudiant.php HTTP/1.1" 302 477 "-" "Java/1.6.0_35"
192.168.3.226 - - [14/Sep/2012:00:24:43 +0200] "POST /notesif/saisie2007/_uploadRatrappages_generic.php?year= HTTP/1.1" 200 2252 "http://intranet-if.insa-lyon.fr/notesif/saisie2007/_ratrappages_generic.php?year=" "Mozilla/5.0 (compatible; MSIE 9.0; Windows NT 6.0; Trident/5.0)"
192.168.0.219 - - [14/Sep/2012:11:15:11 +0200] "POST /SiteWebIF/Intranet-personnel.php HTTP/1.1" 302 478 "-" "Java/1.6.0_35"
192.168.0.37 - - [14/Sep/2012:15:18:20 +0200] "POST /SiteWebIF/Intranet-etudiant.php HTTP/1.1" 302 477 "-" "Java/1.6.0_35"
192.168.0.219 - - [14/Sep/2012:15:45:24 +0200] "POST /SiteWebIF/Intranet-personnel.php HTTP/1.1" 302 478 "-" "Java/1.6.0_35"
192.168.0.37 - - [14/Sep/2012:16:03:37 +0200] "POST /SiteWebIF/Intranet-etudiant.php HTTP/1.1" 302 477 "-" "Java/1.6.0_35"
192.168.0.37 - - [14/Sep/2012:16:59:02 +0200] "POST /SiteWebIF/Intranet-etudiant.php HTTP/1.1" 302 477 "-" "Java/1.6.0_35"
192.168.0.219 - - [14/Sep/2012:17:49:47 +0200] "POST /SiteWebIF/Intranet-etudiant.php HTTP/1.1" 302 477 "-" "Java/1.6.0_35"
192.168.0.37 - - [15/Sep/2012:10:07:30 +0200] "POST /SiteWebIF/Intranet-etudiant.php HTTP/1.1" 302 477 "-" "Java/1.6.0_35"
192.168.0.37 - - [15/Sep/2012:19:13:53 +0200] "POST /SiteWebIF/Intranet-etudiant.php HTTP/1.1" 302 477 "-" "Java/1.6.0_35"
192.168.0.219 - - [16/Sep/2012:15:09:54 +0200] "POST /SiteWebIF/Intranet-etudiant.php HTTP/1.1" 302 477 "-" "Java/1.6.0_35"
192.168.0.37 - - [16/Sep/2012:18:17:51 +0200] "POST /SiteWebIF/Intranet-etudiant.php HTTP/1.1" 302 477 "-" "Java/1.6.0_35"
192.168.0.219 - - [16/Sep/2012:21:47:53 +0200] "POST /SiteWebIF/Intranet-etudiant.php HTTP/1.1" 302 477 "-" "Java/1.6.0_35"
192.168.0.219 - - [16/Sep/2012:22:30:32 +0200] "POST /SiteWebIF/Intranet-etudiant.php HTTP/1.1" 302 477 "-" "Java/1.6.0_35"
192.168.0.219 - - [17/Sep/2012:09:08:09 +0200] "POST /SiteWebIF/Intranet-etudiant.php HTTP/1.1" 302 477 "-" "Java/1.6.0_35"
192.168.5.47 - - [17/Sep/2012:09:35:52 +0200] "POST /notesif/saisie2007/api_notes/uploadNotesFromWeb.php?order=alphabetique&activite=5H8 HTTP/1.1" 200 49232 "http://intranet-if.insa-lyon.fr/notesif/saisie2007/api_notes/saisieAlphabetique.php?activite=5H8%20%20%20%20%20" "Mozilla/4.0 (compatible; MSIE 7.0; Windows NT 5.1; Trident/4.0; .NET CLR 3.0.04506.30; .NET CLR 1.1.4322; .NET CLR 2.0.50727; .NET CLR 3.0.4506.2152; .NET CLR 3.5.30729)"
192.168.5.47 - - [17/Sep/2012:09:48:44 +0200] "POST /notesif/saisie2007/api_notes/uploadNotesFromWeb.php?order=alphabetique&activite=5H8 HTTP/1.1" 200 49639 "http://intranet-if.insa-lyon.fr/notesif/saisie2007/api_notes/saisieAlphabetique.php?activite=5H8%20%20%20%20%20" "Mozilla/4.0 (compatible; MSIE 7.0; Windows NT 5.1; Trident/4.0; .NET CLR 3.0.04506.30; .NET CLR 1.1.4322; .NET CLR 2.0.50727; .NET CLR 3.0.4506.2152; .NET CLR 3.5.30729)"
192.168.5.101 - - [17/Sep/2012:12:30:10 +0200] "POST /dns/mod_base_dns.php HTTP/1.1" 200 1192 "http://intranet-if:90/dns/form_dns.php?sql=Modifier&vlan=106&adresse_ip=134.214.106.107&nom_dns=Liris-6107&description_user=M.KAYTOUE&no_salle=&nom_labo=LIRIS&mac=406c8f233750&brassage=&commentaires=Macbook%20Pro%20Kaytoue%20Liris" "Mozilla/5.0 (Windows NT 6.1; rv:10.0.2) Gecko/20100101 Firefox/10.0.2"
192.168.0.37 - - [17/Sep/2012:13:22:32 +0200] "POST /SiteWebIF/Intranet-etudiant.php HTTP/1.1" 302 477 "-" "Java/1.6.0_35"
192.168.0.37 - - [17/Sep/2012:13:26:22 +0200] "POST /SiteWebIF/Intranet-etudiant.php HTTP/1.1" 302 477 "-" "Java/1.6.0_35"
192.168.0.37 - - [17/Sep/2012:14:40:12 +0200] "POST /SiteWebIF/Intranet-etudiant.php HTTP/1.1" 302 477 "-" "Java/1.6.0_35"
192.168.0.219 - - [17/Sep/2012:15:22:51 +0200] "POST /SiteWebIF/Intranet-etudiant.php HTTP/1.1" 302 477 "-" "Java/1.6.0_35"
192.168.5.47 - - [17/Sep/2012:16:30:42 +0200] "POST /notesif/saisie2007/api_notes/uploadNotesFromWeb.php?order=alphabetique&activite=5H8 HTTP/1.1" 200 49653 "http://intranet-if.insa-lyon.fr/notesif/saisie2007/api_notes/saisieAlphabetique.php?activite=5H8%20%20%20%20%20" "Mozilla/4.0 (compatible; MSIE 7.0; Windows NT 5.1; Trident/4.0; .NET CLR 3.0.04506.30; .NET CLR 1.1.4322; .NET CLR 2.0.50727; .NET CLR 3.0.4506.2152; .NET CLR 3.5.30729)"
192.168.0.219 - - [17/Sep/2012:21:11:05 +0200] "POST /SiteWebIF/Intranet-etudiant.php HTTP/1.1" 302 477 "-" "Java/1.6.0_35"
192.168.0.219 - - [17/Sep/2012:21:38:03 +0200] "POST /SiteWebIF/Intranet-etudiant.php HTTP/1.1" 302 477 "-" "Java/1.6.0_35"
192.168.0.219 - - [17/Sep/2012:22:26:05 +0200] "POST /SiteWebIF/Intranet-etudiant.php HTTP/1.1" 302 477 "-" "Java/1.6.0_35"
192.168.0.219 - - [17/Sep/2012:23:09:01 +0200] "POST /SiteWebIF/Intranet-etudiant.php HTTP/1.1" 302 477 "-" "Java/1.6.0_35"
192.168.0.37 - - [18/Sep/2012:07:04:30 +0200] "POST /SiteWebIF/Intranet-etudiant.php HTTP/1.1" 302 477 "-" "Java/1.6.0_35"
192.168.5.47 - - [18/Sep/2012:10:27:37 +0200] "POST /notesif/saisie2007/api_notes/uploadNotesFromWeb.php?order=alphabetique&activite=5H8 HTTP/1.1" 200 49658 "http://intranet-if.insa-lyon.fr/notesif/saisie2007/api_notes/saisieAlphabetique.php?activite=5H8%20%20%20%20%20" "Mozilla/4.0 (compatible; MSIE 7.0; Windows NT 5.1; Trident/4.0; .NET CLR 3.0.04506.30; .NET CLR 1.1.4322; .NET CLR 2.0.50727; .NET CLR 3.0.4506.2152; .NET CLR 3.5.30729)"
192.168.1.193 - - [18/Sep/2012:10:41:11 +0200] "POST /wiki/doku.php?id=profils2011&do=login HTTP/1.1" 302 26 "http://intranet-if:90/wiki/doku.php?id=profils2011&do=login" "Mozilla/5.0 (Windows NT 6.1) AppleWebKit/537.1 (KHTML, like Gecko) Chrome/21.0.1180.89 Safari/537.1"
192.168.1.193 - - [18/Sep/2012:10:41:51 +0200] "POST /wiki/lib/exe/ajax.php HTTP/1.1" 200 73 "http://intranet-if:90/wiki/doku.php?id=profils2011&do=edit&rev=1323178062" "Mozilla/5.0 (Windows NT 6.1) AppleWebKit/537.1 (KHTML, like Gecko) Chrome/21.0.1180.89 Safari/537.1"
192.168.1.193 - - [18/Sep/2012:10:42:21 +0200] "POST /wiki/lib/exe/ajax.php HTTP/1.1" 200 73 "http://intranet-if:90/wiki/doku.php?id=profils2011&do=edit&rev=1323178062" "Mozilla/5.0 (Windows NT 6.1) AppleWebKit/537.1 (KHTML, like Gecko) Chrome/21.0.1180.89 Safari/537.1"
192.168.1.193 - - [18/Sep/2012:10:42:56 +0200] "POST /wiki/lib/exe/ajax.php HTTP/1.1" 200 73 "http://intranet-if:90/wiki/doku.php?id=profils2011&do=edit&rev=1323178062" "Mozilla/5.0 (Windows NT 6.1) AppleWebKit/537.1 (KHTML, like Gecko) Chrome/21.0.1180.89 Safari/537.1"
192.168.1.193 - - [18/Sep/2012:10:43:27 +0200] "POST /wiki/lib/exe/ajax.php HTTP/1.1" 200 73 "http://intranet-if:90/wiki/doku.php?id=profils2011&do=edit&rev=1323178062" "Mozilla/5.0 (Windows NT 6.1) AppleWebKit/537.1 (KHTML, like Gecko) Chrome/21.0.1180.89 Safari/537.1"
192.168.1.193 - - [18/Sep/2012:10:44:14 +0200] "POST /wiki/doku.php?id=profils2011&do=edit&rev=1323178062 HTTP/1.1" 200 42285 "http://intranet-if:90/wiki/doku.php?id=profils2011&do=edit&rev=1323178062" "Mozilla/5.0 (Windows NT 6.1) AppleWebKit/537.1 (KHTML, like Gecko) Chrome/21.0.1180.89 Safari/537.1"
192.168.1.193 - - [18/Sep/2012:10:44:51 +0200] "POST /wiki/lib/exe/ajax.php HTTP/1.1" 200 73 "http://intranet-if:90/wiki/doku.php?id=profils2011&do=edit&rev=1323178062" "Mozilla/5.0 (Windows NT 6.1) AppleWebKit/537.1 (KHTML, like Gecko) Chrome/21.0.1180.89 Safari/537.1"
192.168.1.193 - - [18/Sep/2012:10:44:59 +0200] "POST /wiki/doku.php?id=profils2011&do=edit&rev=1323178062 HTTP/1.1" 302 26 "http://intranet-if:90/wiki/doku.php?id=profils2011&do=edit&rev=1323178062" "Mozilla/5.0 (Windows NT 6.1) AppleWebKit/537.1 (KHTML, like Gecko) Chrome/21.0.1180.89 Safari/537.1"
192.168.0.37 - - [18/Sep/2012:11:10:59 +0200] "POST /SiteWebIF/Intranet-etudiant.php HTTP/1.1" 302 477 "-" "Java/1.6.0_35"
192.168.0.219 - - [18/Sep/2012:12:03:35 +0200] "POST /SiteWebIF/Intranet-etudiant.php HTTP/1.1" 302 477 "-" "Java/1.6.0_35"
192.168.0.219 - - [18/Sep/2012:12:10:34 +0200] "POST /SiteWebIF/Intranet-etudiant.php HTTP/1.1" 302 477 "-" "Java/1.6.0_35"
192.168.0.37 - - [18/Sep/2012:12:11:10 +0200] "POST /SiteWebIF/Intranet-etudiant.php HTTP/1.1" 302 477 "-" "Java/1.6.0_35"
192.168.0.219 - - [18/Sep/2012:12:53:38 +0200] "POST /SiteWebIF/Intranet-etudiant.php HTTP/1.1" 302 477 "-" "Java/1.6.0_35"
192.168.0.219 - - [18/Sep/2012:13:35:23 +0200] "POST /SiteWebIF/Intranet-personnel.php HTTP/1.1" 302 478 "-" "Java/1.6.0_35"
192.168.0.219 - - [18/Sep/2012:17:38:08 +0200] "POST /SiteWebIF/Intranet-etudiant.php HTTP/1.1" 302 477 "-" "Java/1.6.0_35"
192.168.0.37 - - [18/Sep/2012:18:47:04 +0200] "POST /SiteWebIF/Intranet-etudiant.php HTTP/1.1" 302 477 "-" "Java/1.6.0_35"
192.168.0.37 - - [18/Sep/2012:18:53:59 +0200] "POST /SiteWebIF/Intranet-etudiant.php HTTP/1.1" 302 477 "-" "Java/1.6.0_35"
192.168.0.37 - - [18/Sep/2012:23:24:22 +0200] "POST /SiteWebIF/Intranet-etudiant.php HTTP/1.1" 302 477 "-" "Java/1.6.0_35"
192.168.0.37 - - [19/Sep/2012:08:25:20 +0200] "POST /SiteWebIF/Intranet-etudiant.php HTTP/1.1" 302 477 "-" "Java/1.6.0_35"
192.168.0.37 - - [19/Sep/2012:09:51:03 +0200] "POST /SiteWebIF/Intranet-personnel.php HTTP/1.1" 302 478 "-" "Java/1.6.0_35"
192.168.0.37 - - [19/Sep/2012:09:57:06 +0200] "POST /SiteWebIF/Intranet-etudiant.php HTTP/1.1" 302 477 "-" "Java/1.6.0_35"
192.168.0.37 - - [19/Sep/2012:10:14:27 +0200] "POST /SiteWebIF/Intranet-personnel.php HTTP/1.1" 302 478 "-" "Java/1.6.0_35"
192.168.0.37 - - [19/Sep/2012:10:33:47 +0200] "POST /SiteWebIF/Intranet-etudiant.php HTTP/1.1" 302 477 "-" "Java/1.6.0_35"
192.168.0.37 - - [19/Sep/2012:12:06:39 +0200] "POST /SiteWebIF/Intranet-etudiant.php HTTP/1.1" 302 477 "-" "Java/1.6.0_35"
192.168.0.219 - - [19/Sep/2012:13:30:26 +0200] "POST /SiteWebIF/Intranet-etudiant.php HTTP/1.1" 302 477 "-" "Java/1.6.0_35"
192.168.0.37 - - [19/Sep/2012:13:52:05 +0200] "POST /SiteWebIF/Intranet-etudiant.php HTTP/1.1" 302 477 "-" "Java/1.6.0_35"
192.168.5.101 - - [19/Sep/2012:14:09:05 +0200] "POST /dns/mod_base_dns.php HTTP/1.1" 200 1188 "http://intranet-if:90/dns/form_dns.php?sql=Modifier&vlan=106&adresse_ip=134.214.106.60&nom_dns=liesp-pc01&description_user=&no_salle=&nom_labo=&mac=00:1f:d0:14:c7:19&brassage=B4P5A4&commentaires=PC%20ki%20vient%20d%27ailleurs%20pour%20des%20..." "Mozilla/5.0 (Windows NT 6.1; rv:10.0.2) Gecko/20100101 Firefox/10.0.2"
192.168.0.219 - - [19/Sep/2012:14:15:09 +0200] "POST /SiteWebIF/Intranet-etudiant.php HTTP/1.1" 302 477 "-" "Java/1.6.0_35"
192.168.0.37 - - [19/Sep/2012:16:10:15 +0200] "POST /SiteWebIF/Intranet-etudiant.php HTTP/1.1" 302 477 "-" "Java/1.6.0_35"
192.168.0.219 - - [19/Sep/2012:18:03:03 +0200] "POST /SiteWebIF/Intranet-etudiant.php HTTP/1.1" 302 477 "-" "Java/1.6.0_35"
192.168.0.219 - - [19/Sep/2012:18:57:56 +0200] "POST /SiteWebIF/Intranet-etudiant.php HTTP/1.1" 302 477 "-" "Java/1.6.0_35"
192.168.0.37 - - [19/Sep/2012:21:28:44 +0200] "POST /SiteWebIF/Intranet-etudiant.php HTTP/1.1" 302 477 "-" "Java/1.6.0_35"
192.168.0.219 - - [20/Sep/2012:01:49:30 +0200] "POST /SiteWebIF/Intranet-etudiant.php HTTP/1.1" 302 477 "-" "Java/1.6.0_35"
192.168.5.101 - - [20/Sep/2012:11:04:03 +0200] "POST /wiki/doku.php?id=contacts_marches_informatiques_sav_etc&do=login HTTP/1.1" 200 11504 "http://intranet-if.insa-lyon.fr:90/wiki/doku.php?id=contacts_marches_informatiques_sav_etc&do=login" "Mozilla/5.0 (Windows NT 6.1; rv:10.0.2) Gecko/20100101 Firefox/10.0.2"
192.168.5.101 - - [20/Sep/2012:11:04:16 +0200] "POST /wiki/doku.php?id=contacts_marches_informatiques_sav_etc&do=login HTTP/1.1" 200 11500 "http://intranet-if.insa-lyon.fr:90/wiki/doku.php?id=contacts_marches_informatiques_sav_etc&do=login" "Mozilla/5.0 (Windows NT 6.1; rv:10.0.2) Gecko/20100101 Firefox/10.0.2"
192.168.5.101 - - [20/Sep/2012:11:04:27 +0200] "POST /wiki/doku.php?id=contacts_marches_informatiques_sav_etc&do=login HTTP/1.1" 200 11499 "http://intranet-if.insa-lyon.fr:90/wiki/doku.php?id=contacts_marches_informatiques_sav_etc&do=login" "Mozilla/5.0 (Windows NT 6.1; rv:10.0.2) Gecko/20100101 Firefox/10.0.2"
192.168.5.101 - - [20/Sep/2012:11:04:32 +0200] "POST /wiki/doku.php?id=contacts_marches_informatiques_sav_etc&do=login HTTP/1.1" 200 11499 "http://intranet-if.insa-lyon.fr:90/wiki/doku.php?id=contacts_marches_informatiques_sav_etc&do=login" "Mozilla/5.0 (Windows NT 6.1; rv:10.0.2) Gecko/20100101 Firefox/10.0.2"
192.168.5.101 - - [20/Sep/2012:11:04:42 +0200] "POST /wiki/doku.php?id=contacts_marches_informatiques_sav_etc&do=login HTTP/1.1" 302 26 "http://intranet-if.insa-lyon.fr:90/wiki/doku.php?id=contacts_marches_informatiques_sav_etc&do=login" "Mozilla/5.0 (Windows NT 6.1; rv:10.0.2) Gecko/20100101 Firefox/10.0.2"
192.168.5.101 - - [20/Sep/2012:11:05:28 +0200] "POST /wiki/lib/exe/ajax.php HTTP/1.1" 200 73 "http://intranet-if.insa-lyon.fr:90/wiki/doku.php?id=contacts_marches_informatiques_sav_etc&do=edit&rev=1318925251" "Mozilla/5.0 (Windows NT 6.1; rv:10.0.2) Gecko/20100101 Firefox/10.0.2"
192.168.5.101 - - [20/Sep/2012:11:06:23 +0200] "POST /wiki/lib/exe/ajax.php HTTP/1.1" 200 73 "http://intranet-if.insa-lyon.fr:90/wiki/doku.php?id=contacts_marches_informatiques_sav_etc&do=edit&rev=1318925251" "Mozilla/5.0 (Windows NT 6.1; rv:10.0.2) Gecko/20100101 Firefox/10.0.2"
192.168.5.101 - - [20/Sep/2012:11:07:56 +0200] "POST /wiki/lib/exe/ajax.php HTTP/1.1" 200 73 "http://intranet-if.insa-lyon.fr:90/wiki/doku.php?id=contacts_marches_informatiques_sav_etc&do=edit&rev=1318925251" "Mozilla/5.0 (Windows NT 6.1; rv:10.0.2) Gecko/20100101 Firefox/10.0.2"
192.168.5.101 - - [20/Sep/2012:11:08:36 +0200] "POST /wiki/lib/exe/ajax.php HTTP/1.1" 200 73 "http://intranet-if.insa-lyon.fr:90/wiki/doku.php?id=contacts_marches_informatiques_sav_etc&do=edit&rev=1318925251" "Mozilla/5.0 (Windows NT 6.1; rv:10.0.2) Gecko/20100101 Firefox/10.0.2"
192.168.5.101 - - [20/Sep/2012:11:09:32 +0200] "POST /wiki/lib/exe/ajax.php HTTP/1.1" 200 73 "http://intranet-if.insa-lyon.fr:90/wiki/doku.php?id=contacts_marches_informatiques_sav_etc&do=edit&rev=1318925251" "Mozilla/5.0 (Windows NT 6.1; rv:10.0.2) Gecko/20100101 Firefox/10.0.2"
192.168.5.101 - - [20/Sep/2012:11:10:27 +0200] "POST /wiki/lib/exe/ajax.php HTTP/1.1" 200 73 "http://intranet-if.insa-lyon.fr:90/wiki/doku.php?id=contacts_marches_informatiques_sav_etc&do=edit&rev=1318925251" "Mozilla/5.0 (Windows NT 6.1; rv:10.0.2) Gecko/20100101 Firefox/10.0.2"
192.168.5.101 - - [20/Sep/2012:11:11:07 +0200] "POST /wiki/lib/exe/ajax.php HTTP/1.1" 200 73 "http://intranet-if.insa-lyon.fr:90/wiki/doku.php?id=contacts_marches_informatiques_sav_etc&do=edit&rev=1318925251" "Mozilla/5.0 (Windows NT 6.1; rv:10.0.2) Gecko/20100101 Firefox/10.0.2"
192.168.5.101 - - [20/Sep/2012:11:11:44 +0200] "POST /wiki/lib/exe/ajax.php HTTP/1.1" 200 73 "http://intranet-if.insa-lyon.fr:90/wiki/doku.php?id=contacts_marches_informatiques_sav_etc&do=edit&rev=1318925251" "Mozilla/5.0 (Windows NT 6.1; rv:10.0.2) Gecko/20100101 Firefox/10.0.2"
192.168.5.101 - - [20/Sep/2012:11:12:12 +0200] "POST /wiki/doku.php?id=contacts_marches_informatiques_sav_etc&do=edit&rev=1318925251 HTTP/1.1" 200 16194 "http://intranet-if.insa-lyon.fr:90/wiki/doku.php?id=contacts_marches_informatiques_sav_etc&do=edit&rev=1318925251" "Mozilla/5.0 (Windows NT 6.1; rv:10.0.2) Gecko/20100101 Firefox/10.0.2"
192.168.5.101 - - [20/Sep/2012:11:12:36 +0200] "POST /wiki/doku.php?id=contacts_marches_informatiques_sav_etc&do=edit&rev=1318925251 HTTP/1.1" 302 26 "http://intranet-if.insa-lyon.fr:90/wiki/doku.php?id=contacts_marches_informatiques_sav_etc&do=edit&rev=1318925251" "Mozilla/5.0 (Windows NT 6.1; rv:10.0.2) Gecko/20100101 Firefox/10.0.2"
192.168.0.37 - - [20/Sep/2012:11:40:57 +0200] "POST /SiteWebIF/Intranet-etudiant.php HTTP/1.1" 302 477 "-" "Java/1.6.0_35"
192.168.0.219 - - [20/Sep/2012:11:47:41 +0200] "POST /SiteWebIF/Intranet-etudiant.php HTTP/1.1" 302 477 "-" "Java/1.6.0_35"
192.168.1.214 - - [20/Sep/2012:13:15:21 +0200] "HEAD /favicon.ico HTTP/1.1" 200 - "-" "Reeder/3.0.4 CFNetwork/548.1.4 Darwin/11.0.0"
192.168.1.99 - - [20/Sep/2012:15:34:47 +0200] "POST /notesif/ReferentielIF/ HTTP/1.1" 200 6738 "http://intranet-if.insa-lyon.fr/notesif/ReferentielIF/" "Mozilla/4.0 (compatible; MSIE 7.0; Windows NT 6.1; WOW64; Trident/5.0; SLCC2; .NET CLR 2.0.50727; .NET CLR 3.5.30729; .NET CLR 3.0.30729; Media Center PC 6.0; .NET4.0C; .NET4.0E; BRI/2; InfoPath.3; InfoPath.1)"
192.168.0.37 - - [20/Sep/2012:17:20:29 +0200] "POST /SiteWebIF/Intranet-etudiant.php HTTP/1.1" 302 477 "-" "Java/1.6.0_35"
192.168.0.37 - - [20/Sep/2012:19:11:46 +0200] "POST /SiteWebIF/Intranet-etudiant.php HTTP/1.1" 302 477 "-" "Java/1.6.0_35"
192.168.0.219 - - [20/Sep/2012:20:26:48 +0200] "POST /SiteWebIF/Intranet-etudiant.php HTTP/1.1" 302 477 "-" "Java/1.6.0_35"
192.168.0.37 - - [20/Sep/2012:22:40:06 +0200] "POST /SiteWebIF/Intranet-etudiant.php HTTP/1.1" 302 477 "-" "Java/1.6.0_35"
192.168.0.37 - - [21/Sep/2012:01:56:19 +0200] "POST /SiteWebIF/Intranet-etudiant.php HTTP/1.1" 302 477 "-" "Java/1.6.0_35"
192.168.0.37 - - [21/Sep/2012:08:37:13 +0200] "POST /SiteWebIF/Intranet-etudiant.php HTTP/1.1" 302 477 "-" "Java/1.6.0_35"
192.168.0.37 - - [21/Sep/2012:12:24:47 +0200] "POST /SiteWebIF/Intranet-etudiant.php HTTP/1.1" 302 477 "-" "Java/1.6.0_35"
192.168.0.37 - - [21/Sep/2012:13:18:43 +0200] "POST /SiteWebIF/Intranet-etudiant.php HTTP/1.1" 302 477 "-" "Java/1.6.0_35"
192.168.0.37 - - [21/Sep/2012:13:49:02 +0200] "POST /SiteWebIF/Intranet-etudiant.php HTTP/1.1" 302 477 "-" "Java/1.6.0_35"
192.168.9.2 - - [21/Sep/2012:13:50:59 +0200] "OPTIONS /temps/ HTTP/1.1" 200 - "-" "Microsoft Office Protocol Discovery"
192.168.9.2 - - [21/Sep/2012:13:50:59 +0200] "OPTIONS /temps/ HTTP/1.1" 200 - "-" "Microsoft Office Protocol Discovery"
192.168.0.219 - - [21/Sep/2012:15:41:55 +0200] "POST /SiteWebIF/Intranet-etudiant.php HTTP/1.1" 302 477 "-" "Java/1.6.0_35"
192.168.1.193 - - [21/Sep/2012:16:36:51 +0200] "POST /dns/mod_base_dns.php HTTP/1.1" 200 1160 "http://intranet-if:90/dns/form_dns.php?sql=Modifier&vlan=105&adresse_ip=134.214.105.5&nom_dns=&description_user=&no_salle=&nom_labo=&mac=&brassage=&commentaires=" "Mozilla/5.0 (Windows NT 6.1) AppleWebKit/537.1 (KHTML, like Gecko) Chrome/21.0.1180.89 Safari/537.1"
192.168.8.251 - - [21/Sep/2012:16:50:06 +0200] "POST /permanences/ HTTP/1.1" 200 189 "-" "Python-urllib/3.2"
192.168.8.251 - - [21/Sep/2012:16:50:16 +0200] "POST /permanences/ HTTP/1.1" 200 189 "-" "Python-urllib/3.2"
192.168.8.251 - - [21/Sep/2012:16:58:25 +0200] "POST /permanences/ HTTP/1.1" 200 189 "-" "Python-urllib/3.2"
192.168.8.251 - - [21/Sep/2012:16:58:44 +0200] "POST /permanences/ HTTP/1.1" 200 189 "-" "Python-urllib/3.2"
192.168.8.251 - - [21/Sep/2012:17:07:09 +0200] "POST /permanences/ HTTP/1.1" 200 189 "-" "Python-urllib/3.2"
192.168.8.251 - - [21/Sep/2012:17:08:05 +0200] "POST /permanences/ HTTP/1.1" 200 189 "-" "Python-urllib/3.2"
192.168.8.251 - - [21/Sep/2012:17:08:30 +0200] "POST /permanences/ HTTP/1.1" 200 189 "-" "Python-urllib/3.2"
192.168.8.251 - - [21/Sep/2012:17:08:40 +0200] "POST /permanences/ HTTP/1.1" 200 189 "-" "Python-urllib/3.2"
192.168.8.251 - - [21/Sep/2012:17:08:45 +0200] "POST /permanences/ HTTP/1.1" 200 189 "-" "Python-urllib/3.2"
192.168.8.251 - - [21/Sep/2012:17:08:48 +0200] "POST /permanences/ HTTP/1.1" 200 189 "-" "Python-urllib/3.2"
192.168.8.139 - - [21/Sep/2012:17:27:03 +0200] "OPTIONS /temps/4IF3.ics HTTP/1.1" 200 - "-" "Microsoft-WebDAV-MiniRedir/6.1.7600"
192.168.8.139 - - [21/Sep/2012:17:27:05 +0200] "PROPFIND /temps/4IF3.ics HTTP/1.1" 405 240 "-" "Microsoft-WebDAV-MiniRedir/6.1.7600"
192.168.8.139 - - [21/Sep/2012:17:27:08 +0200] "PROPFIND /temps HTTP/1.1" 301 246 "-" "Microsoft-WebDAV-MiniRedir/6.1.7600"
192.168.8.139 - - [21/Sep/2012:17:27:08 +0200] "PROPFIND /temps/ HTTP/1.1" 405 242 "-" "Microsoft-WebDAV-MiniRedir/6.1.7600"
192.168.8.139 - - [21/Sep/2012:17:27:11 +0200] "PROPFIND /temps HTTP/1.1" 301 246 "-" "Microsoft-WebDAV-MiniRedir/6.1.7600"
192.168.8.139 - - [21/Sep/2012:17:27:11 +0200] "PROPFIND /temps/ HTTP/1.1" 405 242 "-" "Microsoft-WebDAV-MiniRedir/6.1.7600"
192.168.8.139 - - [21/Sep/2012:17:27:14 +0200] "PROPFIND /temps/4IF3.ics HTTP/1.1" 405 240 "-" "Microsoft-WebDAV-MiniRedir/6.1.7600"
192.168.8.139 - - [21/Sep/2012:17:27:17 +0200] "PROPFIND /temps HTTP/1.1" 301 246 "-" "Microsoft-WebDAV-MiniRedir/6.1.7600"
192.168.8.139 - - [21/Sep/2012:17:27:17 +0200] "PROPFIND /temps/ HTTP/1.1" 405 242 "-" "Microsoft-WebDAV-MiniRedir/6.1.7600"
192.168.0.37 - - [21/Sep/2012:18:10:35 +0200] "POST /SiteWebIF/Intranet-etudiant.php HTTP/1.1" 302 477 "-" "Java/1.6.0_35"
192.168.0.37 - - [22/Sep/2012:09:54:36 +0200] "POST /SiteWebIF/Intranet-etudiant.php HTTP/1.1" 302 477 "-" "Java/1.6.0_35"
192.168.0.219 - - [22/Sep/2012:15:13:27 +0200] "POST /SiteWebIF/Intranet-etudiant.php HTTP/1.1" 302 477 "-" "Java/1.6.0_35"
192.168.0.219 - - [22/Sep/2012:18:32:47 +0200] "POST /SiteWebIF/Intranet-etudiant.php HTTP/1.1" 302 477 "-" "Java/1.6.0_35"
192.168.0.219 - - [22/Sep/2012:18:32:47 +0200] "POST /SiteWebIF/Intranet-etudiant.php HTTP/1.1" 302 477 "-" "Java/1.6.0_35"
192.168.0.219 - - [22/Sep/2012:18:32:47 +0200] "POST /SiteWebIF/Intranet-etudiant.php HTTP/1.1" 302 477 "-" "Java/1.6.0_35"
192.168.0.219 - - [22/Sep/2012:18:32:47 +0200] "POST /SiteWebIF/Intranet-etudiant.php HTTP/1.1" 302 477 "-" "Java/1.6.0_35"
192.168.0.219 - - [22/Sep/2012:18:32:47 +0200] "POST /SiteWebIF/Intranet-etudiant.php HTTP/1.1" 302 477 "-" "Java/1.6.0_35"
192.168.0.205 - - [23/Sep/2012:11:45:08 +0200] "POST /notesif/saisie2007/_uploadRatrappages_generic.php?year= HTTP/1.1" 200 2252 "http://intranet-if.insa-lyon.fr/notesif/saisie2007/_ratrappages_generic.php?year=" "Mozilla/5.0 (compatible; MSIE 9.0; Windows NT 6.0; Trident/5.0)"
192.168.0.219 - - [23/Sep/2012:12:02:32 +0200] "POST /SiteWebIF/Intranet-etudiant.php HTTP/1.1" 302 477 "-" "Java/1.6.0_35"
192.168.0.37 - - [23/Sep/2012:12:45:57 +0200] "POST /SiteWebIF/Intranet-etudiant.php HTTP/1.1" 302 477 "-" "Java/1.6.0_35"
192.168.0.37 - - [23/Sep/2012:14:02:57 +0200] "POST /SiteWebIF/Intranet-etudiant.php HTTP/1.1" 302 477 "-" "Java/1.6.0_35"
192.168.0.37 - - [23/Sep/2012:14:55:04 +0200] "POST /SiteWebIF/Intranet-etudiant.php HTTP/1.1" 302 477 "-" "Java/1.6.0_35"
192.168.0.37 - - [23/Sep/2012:14:57:43 +0200] "POST /SiteWebIF/Intranet-etudiant.php HTTP/1.1" 302 477 "-" "Java/1.6.0_35"
192.168.0.37 - - [23/Sep/2012:22:54:55 +0200] "POST /SiteWebIF/Intranet-etudiant.php HTTP/1.1" 302 477 "-" "Java/1.6.0_35"
192.168.0.37 - - [23/Sep/2012:22:56:30 +0200] "POST /SiteWebIF/Intranet-etudiant.php HTTP/1.1" 302 477 "-" "Java/1.6.0_35"
192.168.0.219 - - [23/Sep/2012:23:28:50 +0200] "POST /SiteWebIF/Intranet-etudiant.php HTTP/1.1" 302 477 "-" "Java/1.6.0_35"
192.168.0.219 - - [24/Sep/2012:09:55:18 +0200] "POST /SiteWebIF/Intranet-etudiant.php HTTP/1.1" 302 477 "-" "Java/1.6.0_35"
192.168.0.37 - - [24/Sep/2012:12:35:53 +0200] "POST /SiteWebIF/Intranet-etudiant.php HTTP/1.1" 302 477 "-" "Java/1.6.0_35"
192.168.0.219 - - [24/Sep/2012:12:37:04 +0200] "POST /SiteWebIF/Intranet-etudiant.php HTTP/1.1" 302 477 "-" "Java/1.6.0_35"
192.168.1.193 - - [24/Sep/2012:15:41:11 +0200] "POST /wiki/lib/exe/ajax.php HTTP/1.1" 200 73 "http://intranet-if:90/wiki/doku.php?id=divers&do=edit&rev=1325686450" "Mozilla/5.0 (Windows NT 6.1) AppleWebKit/537.1 (KHTML, like Gecko) Chrome/21.0.1180.89 Safari/537.1"
192.168.1.193 - - [24/Sep/2012:15:41:42 +0200] "POST /wiki/doku.php?id=divers&do=edit&rev=1325686450 HTTP/1.1" 302 26 "http://intranet-if:90/wiki/doku.php?id=divers&do=edit&rev=1325686450" "Mozilla/5.0 (Windows NT 6.1) AppleWebKit/537.1 (KHTML, like Gecko) Chrome/21.0.1180.89 Safari/537.1"
192.168.1.193 - - [24/Sep/2012:15:42:17 +0200] "POST /wiki/lib/exe/ajax.php HTTP/1.1" 200 73 "http://intranet-if:90/wiki/doku.php?id=interroger_ad_en_ligne_de_commande&do=edit&rev=0" "Mozilla/5.0 (Windows NT 6.1) AppleWebKit/537.1 (KHTML, like Gecko) Chrome/21.0.1180.89 Safari/537.1"
192.168.1.193 - - [24/Sep/2012:15:42:52 +0200] "POST /wiki/lib/exe/ajax.php HTTP/1.1" 200 73 "http://intranet-if:90/wiki/doku.php?id=interroger_ad_en_ligne_de_commande&do=edit&rev=0" "Mozilla/5.0 (Windows NT 6.1) AppleWebKit/537.1 (KHTML, like Gecko) Chrome/21.0.1180.89 Safari/537.1"
192.168.1.193 - - [24/Sep/2012:15:43:24 +0200] "POST /wiki/lib/exe/ajax.php HTTP/1.1" 200 73 "http://intranet-if:90/wiki/doku.php?id=interroger_ad_en_ligne_de_commande&do=edit&rev=0" "Mozilla/5.0 (Windows NT 6.1) AppleWebKit/537.1 (KHTML, like Gecko) Chrome/21.0.1180.89 Safari/537.1"
192.168.1.193 - - [24/Sep/2012:15:43:55 +0200] "POST /wiki/lib/exe/ajax.php HTTP/1.1" 200 73 "http://intranet-if:90/wiki/doku.php?id=interroger_ad_en_ligne_de_commande&do=edit&rev=0" "Mozilla/5.0 (Windows NT 6.1) AppleWebKit/537.1 (KHTML, like Gecko) Chrome/21.0.1180.89 Safari/537.1"
192.168.1.193 - - [24/Sep/2012:15:44:25 +0200] "POST /wiki/lib/exe/ajax.php HTTP/1.1" 200 73 "http://intranet-if:90/wiki/doku.php?id=interroger_ad_en_ligne_de_commande&do=edit&rev=0" "Mozilla/5.0 (Windows NT 6.1) AppleWebKit/537.1 (KHTML, like Gecko) Chrome/21.0.1180.89 Safari/537.1"
192.168.1.193 - - [24/Sep/2012:15:45:36 +0200] "POST /wiki/lib/exe/ajax.php HTTP/1.1" 200 73 "http://intranet-if:90/wiki/doku.php?id=interroger_ad_en_ligne_de_commande&do=edit&rev=0" "Mozilla/5.0 (Windows NT 6.1) AppleWebKit/537.1 (KHTML, like Gecko) Chrome/21.0.1180.89 Safari/537.1"
192.168.1.193 - - [24/Sep/2012:15:46:33 +0200] "POST /wiki/lib/exe/ajax.php HTTP/1.1" 200 73 "http://intranet-if:90/wiki/doku.php?id=interroger_ad_en_ligne_de_commande&do=edit&rev=0" "Mozilla/5.0 (Windows NT 6.1) AppleWebKit/537.1 (KHTML, like Gecko) Chrome/21.0.1180.89 Safari/537.1"
192.168.1.193 - - [24/Sep/2012:15:46:57 +0200] "POST /wiki/doku.php?id=interroger_ad_en_ligne_de_commande&do=edit&rev=0 HTTP/1.1" 200 15815 "http://intranet-if:90/wiki/doku.php?id=interroger_ad_en_ligne_de_commande&do=edit&rev=0" "Mozilla/5.0 (Windows NT 6.1) AppleWebKit/537.1 (KHTML, like Gecko) Chrome/21.0.1180.89 Safari/537.1"
192.168.1.193 - - [24/Sep/2012:15:47:14 +0200] "POST /wiki/doku.php?id=interroger_ad_en_ligne_de_commande&do=edit&rev=0 HTTP/1.1" 200 16008 "http://intranet-if:90/wiki/doku.php?id=interroger_ad_en_ligne_de_commande&do=edit&rev=0" "Mozilla/5.0 (Windows NT 6.1) AppleWebKit/537.1 (KHTML, like Gecko) Chrome/21.0.1180.89 Safari/537.1"
192.168.1.193 - - [24/Sep/2012:15:47:24 +0200] "POST /wiki/doku.php?id=interroger_ad_en_ligne_de_commande&do=edit&rev=0 HTTP/1.1" 302 26 "http://intranet-if:90/wiki/doku.php?id=interroger_ad_en_ligne_de_commande&do=edit&rev=0" "Mozilla/5.0 (Windows NT 6.1) AppleWebKit/537.1 (KHTML, like Gecko) Chrome/21.0.1180.89 Safari/537.1"
192.168.1.193 - - [24/Sep/2012:16:29:45 +0200] "POST /wiki/doku.php?id=interroger_ad_en_ligne_de_commande&do=edit&rev=1348494444 HTTP/1.1" 200 16622 "http://intranet-if:90/wiki/doku.php?id=interroger_ad_en_ligne_de_commande&do=edit&rev=1348494444" "Mozilla/5.0 (Windows NT 6.1) AppleWebKit/537.1 (KHTML, like Gecko) Chrome/21.0.1180.89 Safari/537.1"
192.168.1.193 - - [24/Sep/2012:16:30:17 +0200] "POST /wiki/lib/exe/ajax.php HTTP/1.1" 200 73 "http://intranet-if:90/wiki/doku.php?id=interroger_ad_en_ligne_de_commande&do=edit&rev=1348494444" "Mozilla/5.0 (Windows NT 6.1) AppleWebKit/537.1 (KHTML, like Gecko) Chrome/21.0.1180.89 Safari/537.1"
192.168.1.193 - - [24/Sep/2012:16:30:26 +0200] "POST /wiki/doku.php?id=interroger_ad_en_ligne_de_commande&do=edit&rev=1348494444 HTTP/1.1" 200 16666 "http://intranet-if:90/wiki/doku.php?id=interroger_ad_en_ligne_de_commande&do=edit&rev=1348494444" "Mozilla/5.0 (Windows NT 6.1) AppleWebKit/537.1 (KHTML, like Gecko) Chrome/21.0.1180.89 Safari/537.1"
192.168.1.193 - - [24/Sep/2012:16:30:33 +0200] "POST /wiki/doku.php?id=interroger_ad_en_ligne_de_commande&do=edit&rev=1348494444 HTTP/1.1" 302 26 "http://intranet-if:90/wiki/doku.php?id=interroger_ad_en_ligne_de_commande&do=edit&rev=1348494444" "Mozilla/5.0 (Windows NT 6.1) AppleWebKit/537.1 (KHTML, like Gecko) Chrome/21.0.1180.89 Safari/537.1"
192.168.0.37 - - [24/Sep/2012:16:47:39 +0200] "POST /SiteWebIF/Intranet-etudiant.php HTTP/1.1" 302 477 "-" "Java/1.6.0_35"
192.168.0.219 - - [24/Sep/2012:17:00:21 +0200] "POST /SiteWebIF/Intranet-etudiant.php HTTP/1.1" 302 477 "-" "Java/1.6.0_35"
192.168.0.219 - - [24/Sep/2012:17:08:20 +0200] "POST /SiteWebIF/Intranet-etudiant.php HTTP/1.1" 302 477 "-" "Java/1.6.0_35"
192.168.11.12 - - [24/Sep/2012:17:46:43 +0200] "PROPFIND /temps HTTP/1.1" 301 246 "-" "Microsoft-WebDAV-MiniRedir/5.1.2600"
192.168.11.12 - - [24/Sep/2012:17:46:43 +0200] "PROPFIND /temps/ HTTP/1.1" 405 242 "-" "Microsoft-WebDAV-MiniRedir/5.1.2600"
192.168.11.12 - - [24/Sep/2012:17:46:43 +0200] "PROPFIND /temps HTTP/1.1" 301 246 "-" "Microsoft-WebDAV-MiniRedir/5.1.2600"
192.168.11.12 - - [24/Sep/2012:17:46:43 +0200] "PROPFIND /temps/ HTTP/1.1" 405 242 "-" "Microsoft-WebDAV-MiniRedir/5.1.2600"
192.168.11.12 - - [24/Sep/2012:17:46:43 +0200] "OPTIONS / HTTP/1.1" 200 - "-" "Microsoft-WebDAV-MiniRedir/5.1.2600"
192.168.11.12 - - [24/Sep/2012:17:46:43 +0200] "PROPFIND /temps HTTP/1.1" 301 246 "-" "Microsoft-WebDAV-MiniRedir/5.1.2600"
192.168.11.12 - - [24/Sep/2012:17:46:43 +0200] "PROPFIND /temps/ HTTP/1.1" 405 242 "-" "Microsoft-WebDAV-MiniRedir/5.1.2600"
192.168.11.12 - - [24/Sep/2012:17:46:44 +0200] "OPTIONS / HTTP/1.1" 200 - "-" "Microsoft Data Access Internet Publishing Provider Protocol Discovery"
192.168.11.12 - - [24/Sep/2012:17:46:44 +0200] "OPTIONS /temps/4IF4.ics HTTP/1.1" 200 - "-" "Microsoft Data Access Internet Publishing Provider Protocol Discovery"
192.168.8.46 - - [24/Sep/2012:18:02:31 +0200] "OPTIONS /temps/3IF4.ics HTTP/1.1" 200 - "-" "Microsoft-WebDAV-MiniRedir/6.1.7601"
192.168.8.46 - - [24/Sep/2012:18:02:34 +0200] "PROPFIND /temps/3IF4.ics HTTP/1.1" 405 240 "-" "Microsoft-WebDAV-MiniRedir/6.1.7601"
192.168.8.46 - - [24/Sep/2012:18:02:36 +0200] "PROPFIND /temps HTTP/1.1" 301 246 "-" "Microsoft-WebDAV-MiniRedir/6.1.7601"
192.168.8.46 - - [24/Sep/2012:18:02:36 +0200] "PROPFIND /temps/ HTTP/1.1" 405 242 "-" "Microsoft-WebDAV-MiniRedir/6.1.7601"
192.168.8.46 - - [24/Sep/2012:18:02:39 +0200] "PROPFIND /temps HTTP/1.1" 301 246 "-" "Microsoft-WebDAV-MiniRedir/6.1.7601"
192.168.8.46 - - [24/Sep/2012:18:02:39 +0200] "PROPFIND /temps/ HTTP/1.1" 405 242 "-" "Microsoft-WebDAV-MiniRedir/6.1.7601"
192.168.8.46 - - [24/Sep/2012:18:02:41 +0200] "PROPFIND /temps/3IF4.ics HTTP/1.1" 405 240 "-" "Microsoft-WebDAV-MiniRedir/6.1.7601"
192.168.8.46 - - [24/Sep/2012:18:02:44 +0200] "PROPFIND /temps HTTP/1.1" 301 246 "-" "Microsoft-WebDAV-MiniRedir/6.1.7601"
192.168.8.46 - - [24/Sep/2012:18:02:44 +0200] "PROPFIND /temps/ HTTP/1.1" 405 242 "-" "Microsoft-WebDAV-MiniRedir/6.1.7601"
192.168.0.37 - - [24/Sep/2012:18:05:29 +0200] "POST /SiteWebIF/Intranet-etudiant.php HTTP/1.1" 302 477 "-" "Java/1.6.0_35"
192.168.0.37 - - [24/Sep/2012:18:43:13 +0200] "POST /SiteWebIF/Intranet-etudiant.php HTTP/1.1" 302 477 "-" "Java/1.6.0_35"
192.168.0.37 - - [24/Sep/2012:20:54:36 +0200] "POST /SiteWebIF/Intranet-etudiant.php HTTP/1.1" 302 477 "-" "Java/1.6.0_35"
192.168.0.37 - - [24/Sep/2012:23:13:10 +0200] "POST /SiteWebIF/Intranet-etudiant.php HTTP/1.1" 302 477 "-" "Java/1.6.0_35"
192.168.0.65 - - [25/Sep/2012:08:25:55 +0200] "OPTIONS /temps/5IF.ics HTTP/1.1" 200 - "-" "Microsoft-WebDAV-MiniRedir/6.1.7601"
192.168.0.65 - - [25/Sep/2012:08:25:56 +0200] "PROPFIND /temps/5IF.ics HTTP/1.1" 405 239 "-" "Microsoft-WebDAV-MiniRedir/6.1.7601"
192.168.0.65 - - [25/Sep/2012:08:25:56 +0200] "PROPFIND /temps HTTP/1.1" 301 246 "-" "Microsoft-WebDAV-MiniRedir/6.1.7601"
192.168.0.65 - - [25/Sep/2012:08:25:56 +0200] "PROPFIND /temps/ HTTP/1.1" 405 242 "-" "Microsoft-WebDAV-MiniRedir/6.1.7601"
192.168.0.65 - - [25/Sep/2012:08:25:56 +0200] "PROPFIND /temps HTTP/1.1" 301 246 "-" "Microsoft-WebDAV-MiniRedir/6.1.7601"
192.168.0.65 - - [25/Sep/2012:08:25:56 +0200] "PROPFIND /temps/ HTTP/1.1" 405 242 "-" "Microsoft-WebDAV-MiniRedir/6.1.7601"
192.168.0.65 - - [25/Sep/2012:08:25:56 +0200] "PROPFIND /temps/5IF.ics HTTP/1.1" 405 239 "-" "Microsoft-WebDAV-MiniRedir/6.1.7601"
192.168.0.65 - - [25/Sep/2012:08:25:56 +0200] "PROPFIND /temps HTTP/1.1" 301 246 "-" "Microsoft-WebDAV-MiniRedir/6.1.7601"
192.168.0.65 - - [25/Sep/2012:08:25:56 +0200] "PROPFIND /temps/ HTTP/1.1" 405 242 "-" "Microsoft-WebDAV-MiniRedir/6.1.7601"
192.168.1.193 - - [25/Sep/2012:10:10:20 +0200] "POST /wiki/doku.php?id=windows3&do=edit&rev=1316793730 HTTP/1.1" 302 26 "http://intranet-if:90/wiki/doku.php?id=windows3&do=edit&rev=1316793730" "Mozilla/5.0 (Windows NT 6.1) AppleWebKit/537.1 (KHTML, like Gecko) Chrome/21.0.1180.89 Safari/537.1"
192.168.1.193 - - [25/Sep/2012:10:54:14 +0200] "POST /wiki/lib/exe/ajax.php HTTP/1.1" 200 73 "http://intranet-if:90/wiki/doku.php?id=windows3&do=edit&rev=1348560620" "Mozilla/5.0 (Windows NT 6.1) AppleWebKit/537.1 (KHTML, like Gecko) Chrome/21.0.1180.89 Safari/537.1"
192.168.1.193 - - [25/Sep/2012:10:54:45 +0200] "POST /wiki/lib/exe/ajax.php HTTP/1.1" 200 73 "http://intranet-if:90/wiki/doku.php?id=windows3&do=edit&rev=1348560620" "Mozilla/5.0 (Windows NT 6.1) AppleWebKit/537.1 (KHTML, like Gecko) Chrome/21.0.1180.89 Safari/537.1"
192.168.1.193 - - [25/Sep/2012:10:55:07 +0200] "POST /wiki/doku.php?id=windows3&do=edit&rev=1348560620 HTTP/1.1" 200 25261 "http://intranet-if:90/wiki/doku.php?id=windows3&do=edit&rev=1348560620" "Mozilla/5.0 (Windows NT 6.1) AppleWebKit/537.1 (KHTML, like Gecko) Chrome/21.0.1180.89 Safari/537.1"
192.168.1.193 - - [25/Sep/2012:10:56:10 +0200] "POST /wiki/doku.php?id=windows3&do=edit&rev=1348560620 HTTP/1.1" 200 25247 "http://intranet-if:90/wiki/doku.php?id=windows3&do=edit&rev=1348560620" "Mozilla/5.0 (Windows NT 6.1) AppleWebKit/537.1 (KHTML, like Gecko) Chrome/21.0.1180.89 Safari/537.1"
192.168.1.193 - - [25/Sep/2012:10:56:32 +0200] "POST /wiki/doku.php?id=windows3&do=edit&rev=1348560620 HTTP/1.1" 200 25157 "http://intranet-if:90/wiki/doku.php?id=windows3&do=edit&rev=1348560620" "Mozilla/5.0 (Windows NT 6.1) AppleWebKit/537.1 (KHTML, like Gecko) Chrome/21.0.1180.89 Safari/537.1"
192.168.1.193 - - [25/Sep/2012:10:56:51 +0200] "POST /wiki/doku.php?id=windows3&do=edit&rev=1348560620 HTTP/1.1" 302 26 "http://intranet-if:90/wiki/doku.php?id=windows3&do=edit&rev=1348560620" "Mozilla/5.0 (Windows NT 6.1) AppleWebKit/537.1 (KHTML, like Gecko) Chrome/21.0.1180.89 Safari/537.1"
192.168.0.37 - - [25/Sep/2012:12:01:10 +0200] "POST /SiteWebIF/Intranet-etudiant.php HTTP/1.1" 302 477 "-" "Java/1.6.0_35"
192.168.0.219 - - [25/Sep/2012:13:24:12 +0200] "POST /SiteWebIF/Intranet-etudiant.php HTTP/1.1" 302 477 "-" "Java/1.6.0_35"
192.168.0.219 - - [25/Sep/2012:13:33:47 +0200] "POST /SiteWebIF/Intranet-etudiant.php HTTP/1.1" 302 477 "-" "Java/1.6.0_35"
192.168.11.242 - - [25/Sep/2012:14:14:18 +0200] "POST /permanences/ HTTP/1.1" 200 243 "-" "Python-urllib/3.2"
192.168.0.37 - - [25/Sep/2012:17:42:05 +0200] "POST /SiteWebIF/Intranet-etudiant.php HTTP/1.1" 302 477 "-" "Java/1.6.0_35"
192.168.0.219 - - [25/Sep/2012:19:28:22 +0200] "POST /SiteWebIF/Intranet-etudiant.php HTTP/1.1" 302 477 "-" "Java/1.6.0_35"
192.168.0.37 - - [25/Sep/2012:19:41:10 +0200] "POST /SiteWebIF/Intranet-etudiant.php HTTP/1.1" 302 477 "-" "Java/1.6.0_35"
192.168.0.37 - - [25/Sep/2012:19:41:10 +0200] "POST /SiteWebIF/Intranet-etudiant.php HTTP/1.1" 302 477 "-" "Java/1.6.0_35"
192.168.0.219 - - [26/Sep/2012:08:46:36 +0200] "POST /SiteWebIF/Intranet-etudiant.php HTTP/1.1" 302 477 "-" "Java/1.6.0_35"
192.168.0.37 - - [26/Sep/2012:10:31:58 +0200] "POST /SiteWebIF/Intranet-etudiant.php HTTP/1.1" 302 477 "-" "Java/1.6.0_35"
192.168.0.37 - - [26/Sep/2012:12:28:06 +0200] "POST /SiteWebIF/Intranet-etudiant.php HTTP/1.1" 302 477 "-" "Java/1.6.0_35"
192.168.0.37 - - [26/Sep/2012:13:56:17 +0200] "POST /SiteWebIF/Intranet-etudiant.php HTTP/1.1" 302 477 "-" "Java/1.6.0_35"
192.168.0.219 - - [26/Sep/2012:15:24:07 +0200] "POST /SiteWebIF/Intranet-personnel.php HTTP/1.1" 302 478 "-" "Java/1.6.0_35"
192.168.0.219 - - [26/Sep/2012:15:28:41 +0200] "POST /SiteWebIF/Intranet-etudiant.php HTTP/1.1" 302 477 "-" "Java/1.6.0_35"
192.168.0.219 - - [26/Sep/2012:17:12:14 +0200] "POST /SiteWebIF/Intranet-etudiant.php HTTP/1.1" 302 477 "-" "Java/1.6.0_35"
192.168.0.219 - - [27/Sep/2012:14:41:02 +0200] "POST /SiteWebIF/Intranet-etudiant.php HTTP/1.1" 302 477 "-" "Java/1.6.0_35"
192.168.0.219 - - [27/Sep/2012:15:41:55 +0200] "POST /SiteWebIF/Intranet-etudiant.php HTTP/1.1" 302 477 "-" "Java/1.6.0_35"
192.168.13.95 - - [27/Sep/2012:20:01:52 +0200] "OPTIONS /temps/5IF.ics HTTP/1.1" 200 - "-" "Microsoft-WebDAV-MiniRedir/6.1.7601"
192.168.13.95 - - [27/Sep/2012:20:01:52 +0200] "PROPFIND /temps/5IF.ics HTTP/1.1" 405 239 "-" "Microsoft-WebDAV-MiniRedir/6.1.7601"
192.168.13.95 - - [27/Sep/2012:20:01:53 +0200] "PROPFIND /temps HTTP/1.1" 301 246 "-" "Microsoft-WebDAV-MiniRedir/6.1.7601"
192.168.13.95 - - [27/Sep/2012:20:01:53 +0200] "PROPFIND /temps/ HTTP/1.1" 405 242 "-" "Microsoft-WebDAV-MiniRedir/6.1.7601"
192.168.13.95 - - [27/Sep/2012:20:01:53 +0200] "PROPFIND /temps HTTP/1.1" 301 246 "-" "Microsoft-WebDAV-MiniRedir/6.1.7601"
192.168.13.95 - - [27/Sep/2012:20:01:53 +0200] "PROPFIND /temps/ HTTP/1.1" 405 242 "-" "Microsoft-WebDAV-MiniRedir/6.1.7601"
192.168.13.95 - - [27/Sep/2012:20:01:53 +0200] "PROPFIND /temps/5IF.ics HTTP/1.1" 405 239 "-" "Microsoft-WebDAV-MiniRedir/6.1.7601"
192.168.13.95 - - [27/Sep/2012:20:01:53 +0200] "PROPFIND /temps HTTP/1.1" 301 246 "-" "Microsoft-WebDAV-MiniRedir/6.1.7601"
192.168.13.95 - - [27/Sep/2012:20:01:53 +0200] "PROPFIND /temps/ HTTP/1.1" 405 242 "-" "Microsoft-WebDAV-MiniRedir/6.1.7601"
192.168.0.219 - - [27/Sep/2012:20:36:40 +0200] "POST /SiteWebIF/Intranet-etudiant.php HTTP/1.1" 302 477 "-" "Java/1.6.0_35"
192.168.4.35 - - [28/Sep/2012:01:29:56 +0200] "OPTIONS /temps/4IF1.ics HTTP/1.1" 200 - "-" "Microsoft-WebDAV-MiniRedir/6.1.7601"
192.168.4.35 - - [28/Sep/2012:01:29:56 +0200] "PROPFIND /temps/4IF1.ics HTTP/1.1" 405 240 "-" "Microsoft-WebDAV-MiniRedir/6.1.7601"
192.168.4.35 - - [28/Sep/2012:01:29:57 +0200] "PROPFIND /temps HTTP/1.1" 301 246 "-" "Microsoft-WebDAV-MiniRedir/6.1.7601"
192.168.4.35 - - [28/Sep/2012:01:29:57 +0200] "PROPFIND /temps/ HTTP/1.1" 405 242 "-" "Microsoft-WebDAV-MiniRedir/6.1.7601"
192.168.4.35 - - [28/Sep/2012:01:29:57 +0200] "PROPFIND /temps HTTP/1.1" 301 246 "-" "Microsoft-WebDAV-MiniRedir/6.1.7601"
192.168.4.35 - - [28/Sep/2012:01:29:58 +0200] "PROPFIND /temps/ HTTP/1.1" 405 242 "-" "Microsoft-WebDAV-MiniRedir/6.1.7601"
192.168.4.35 - - [28/Sep/2012:01:29:58 +0200] "PROPFIND /temps/4IF1.ics HTTP/1.1" 405 240 "-" "Microsoft-WebDAV-MiniRedir/6.1.7601"
192.168.4.35 - - [28/Sep/2012:01:29:58 +0200] "PROPFIND /temps HTTP/1.1" 301 246 "-" "Microsoft-WebDAV-MiniRedir/6.1.7601"
192.168.4.35 - - [28/Sep/2012:01:29:58 +0200] "PROPFIND /temps/ HTTP/1.1" 405 242 "-" "Microsoft-WebDAV-MiniRedir/6.1.7601"
192.168.13.160 - - [28/Sep/2012:10:28:45 +0200] "POST /limesurvey/admin/admin.php HTTP/1.1" 200 14363 "-" "Mozilla/5.0 (Macintosh; Intel Mac OS X 10.6; rv:15.0) Gecko/20100101 Firefox/15.0.1"
192.168.13.160 - - [28/Sep/2012:10:56:14 +0200] "POST /limesurvey/admin/admin.php?action=statistics HTTP/1.1" 200 55806 "-" "Mozilla/5.0 (Macintosh; Intel Mac OS X 10.6; rv:15.0) Gecko/20100101 Firefox/15.0.1"
192.168.0.219 - - [28/Sep/2012:13:16:36 +0200] "POST /SiteWebIF/Intranet-etudiant.php HTTP/1.1" 302 477 "-" "Java/1.6.0_35"
192.168.0.37 - - [28/Sep/2012:21:23:49 +0200] "POST /SiteWebIF/Intranet-etudiant.php HTTP/1.1" 302 477 "-" "Java/1.6.0_35"
192.168.0.219 - - [28/Sep/2012:22:36:41 +0200] "POST /SiteWebIF/Intranet-etudiant.php HTTP/1.1" 302 477 "-" "Java/1.6.0_35"
192.168.0.219 - - [29/Sep/2012:15:40:06 +0200] "POST /SiteWebIF/Intranet-etudiant.php HTTP/1.1" 302 477 "-" "Java/1.6.0_35"
192.168.0.37 - - [29/Sep/2012:20:41:16 +0200] "POST /SiteWebIF/Intranet-etudiant.php HTTP/1.1" 302 477 "-" "Java/1.6.0_35"
192.168.0.37 - - [30/Sep/2012:00:59:18 +0200] "POST /SiteWebIF/Intranet-etudiant.php HTTP/1.1" 302 477 "-" "Java/1.6.0_35"
192.168.0.219 - - [30/Sep/2012:10:23:53 +0200] "POST /SiteWebIF/Intranet-etudiant.php HTTP/1.1" 302 477 "-" "Java/1.6.0_35"
192.168.0.37 - - [30/Sep/2012:21:11:27 +0200] "POST /SiteWebIF/Intranet-etudiant.php HTTP/1.1" 302 477 "-" "Java/1.6.0_35"
192.168.0.219 - - [30/Sep/2012:22:27:06 +0200] "POST /SiteWebIF/Intranet-etudiant.php HTTP/1.1" 302 477 "-" "Java/1.6.0_35"
192.168.0.37 - - [01/Oct/2012:13:42:16 +0200] "POST /SiteWebIF/Intranet-etudiant.php HTTP/1.1" 302 477 "-" "Java/1.6.0_35"
192.168.1.113 - - [01/Oct/2012:13:44:30 +0200] "POST /permanences/ HTTP/1.1" 200 237 "http://intranet-if.insa-lyon.fr/permanences/" "Mozilla/5.0 (iPhone; U; CPU iPhone OS 4_0_1 like Mac OS X; fr-fr) AppleWebKit/532.9 (KHTML, like Gecko) Version/4.0.5 Mobile/8A306 Safari/6531.22.7"
192.168.0.37 - - [01/Oct/2012:13:49:37 +0200] "POST /SiteWebIF/Intranet-etudiant.php HTTP/1.1" 302 477 "-" "Java/1.6.0_35"
192.168.11.118 - - [01/Oct/2012:15:19:22 +0200] "HEAD /temps/5if.ics HTTP/1.1" 404 - "-" "Dalvik/1.6.0 (Linux; U; Android 4.0.4; GT-I9300 Build/IMM76D)"
192.168.0.37 - - [01/Oct/2012:18:21:20 +0200] "POST /SiteWebIF/Intranet-etudiant.php HTTP/1.1" 302 477 "-" "Java/1.6.0_35"
192.168.0.219 - - [01/Oct/2012:20:02:14 +0200] "POST /SiteWebIF/Intranet-etudiant.php HTTP/1.1" 302 477 "-" "Java/1.6.0_35"
192.168.4.229 - - [01/Oct/2012:21:08:08 +0200] "HEAD / HTTP/1.1" 200 - "-" "Mozilla/5.0 (Windows NT 6.0) AppleWebKit/537.4 (KHTML, like Gecko) Chrome/22.0.1229.79 Safari/537.4"
192.168.0.37 - - [01/Oct/2012:21:11:52 +0200] "POST /SiteWebIF/Intranet-etudiant.php HTTP/1.1" 302 477 "-" "Java/1.6.0_35"
192.168.0.37 - - [02/Oct/2012:00:06:14 +0200] "POST /stages/ListePFE.php HTTP/1.1" 302 465 "-" "Java/1.6.0_35"
192.168.11.194 - - [02/Oct/2012:08:00:16 +0200] "POST /permanences/ HTTP/1.1" 200 247 "http://intranet-if.insa-lyon.fr/permanences/" "Mozilla/5.0 (Windows NT 5.1; rv:13.0) Gecko/20100101 Firefox/13.0.1"
192.168.1.193 - - [02/Oct/2012:09:09:00 +0200] "POST /dns/mod_base_dns.php HTTP/1.1" 200 1151 "http://intranet-if:90/dns/form_dns.php?sql=Modifier&vlan=109&adresse_ip=134.214.109.228&nom_dns=&description_user=&no_salle=&nom_labo=&mac=&brassage=&commentaires=" "Mozilla/5.0 (Windows NT 6.1) AppleWebKit/537.4 (KHTML, like Gecko) Chrome/22.0.1229.79 Safari/537.4"
192.168.1.193 - - [02/Oct/2012:09:09:13 +0200] "POST /dns/mod_base_dns.php HTTP/1.1" 200 1131 "http://intranet-if:90/dns/form_dns.php?sql=Modifier&vlan=109&adresse_ip=134.214.109.198&nom_dns=Simultp3&description_user=&no_salle=&nom_labo=&mac=&brassage=&commentaires=" "Mozilla/5.0 (Windows NT 6.1) AppleWebKit/537.4 (KHTML, like Gecko) Chrome/22.0.1229.79 Safari/537.4"
192.168.0.219 - - [02/Oct/2012:10:52:01 +0200] "POST /SiteWebIF/Intranet-etudiant.php HTTP/1.1" 302 477 "-" "Java/1.6.0_35"
